../Core/Src/main.c:99:5:main	8	static
../Core/Src/main.c:190:6:SystemClock_Config	88	static
../Core/Src/main.c:232:13:MX_GPIO_Init	40	static
../Core/Src/main.c:257:6:AccessSharedData	8	static
../Core/Src/main.c:276:6:SimulateReadWriteOperation	16	static,ignoring_inline_asm
../Core/Src/main.c:294:6:StartDefaultTask	16	static
../Core/Src/main.c:312:6:GreenTask	16	static
../Core/Src/main.c:345:6:RedTask	16	static
../Core/Src/main.c:378:6:OrangeTask	16	static
../Core/Src/main.c:398:6:HAL_TIM_PeriodElapsedCallback	16	static
../Core/Src/main.c:415:6:Error_Handler	4	static,ignoring_inline_asm
