../Core/Src/main.c:100:5:main	8	static
../Core/Src/main.c:191:6:SystemClock_Config	88	static
../Core/Src/main.c:233:13:MX_GPIO_Init	40	static
../Core/Src/main.c:258:6:AccessSharedData	8	static
../Core/Src/main.c:277:6:SimulateReadWriteOperation	16	static,ignoring_inline_asm
../Core/Src/main.c:295:6:StartDefaultTask	16	static
../Core/Src/main.c:313:6:GreenTask	16	static
../Core/Src/main.c:346:6:RedTask	16	static
../Core/Src/main.c:379:6:OrangeTask	16	static
../Core/Src/main.c:399:6:HAL_TIM_PeriodElapsedCallback	16	static
../Core/Src/main.c:416:6:Error_Handler	4	static,ignoring_inline_asm
